Microchip MPLAB XC8 Compiler V2.05 ()

Linker command line:

-W-3 --edf=C:\Program Files (x86)\Microchip\xc8\v2.05\pic\dat\en_msgs.txt \
  -cs -h+dist/default/production\Meister_LAB4.X.production.sym \
  --cmf=dist/default/production\Meister_LAB4.X.production.cmf -z -Q16F887 \
  -oC:\Users\jotas\AppData\Local\Temp\s7vc.2 --defsym=__MPLAB_BUILD=1 \
  -Mdist/default/production/Meister_LAB4.X.production.map -E1 -ver=XC8 \
  --acfsm=1493 -ASTACK=0110h-016Fh -pstack=STACK -ACODE=00h-07FFhx4 \
  -ASTRCODE=00h-01FFFh -ASTRING=00h-0FFhx32 -ACONST=00h-0FFhx32 \
  -AENTRY=00h-0FFhx32 -ACOMMON=070h-07Fh -ABANK0=020h-06Fh \
  -ABANK1=0A0h-0EFh -ABANK2=0110h-016Fh -ABANK3=0190h-01EFh \
  -ARAM=020h-06Fh,0A0h-0EFh,0110h-016Fh,0190h-01EFh \
  -AABS1=020h-07Fh,0A0h-0EFh,0110h-016Fh,0190h-01EFh -ASFR0=00h-01Fh \
  -ASFR1=080h-09Fh -ASFR2=0100h-010Fh -ASFR3=0180h-018Fh \
  -preset_vec=00h,intentry,init,end_init -ppowerup=CODE -pcinit=CODE \
  -pfunctab=ENTRY -ACONFIG=02007h-02008h -pconfig=CONFIG -DCONFIG=2 \
  -AIDLOC=02000h-02003h -pidloc=IDLOC -DIDLOC=2 -AEEDATA=00h-0FFh/02100h \
  -peeprom_data=EEDATA -DEEDATA=2 -DCODE=2 -DSTRCODE=2 -DSTRING=2 -DCONST=2 \
  -DENTRY=2 -k C:\Users\jotas\AppData\Local\Temp\s7vc.o \
  dist/default/production\Meister_LAB4.X.production.o 

Object code version is 3.11

Machine type is 16F887



                Name                               Link     Load   Length Selector   Space Scale
C:\Users\jotas\AppData\Local\Temp\s7vc.o
                end_init                              0        0        3        0       0
                config                             2007     2007        2     400E       0
dist/default/production\Meister_LAB4.X.production.o
                cinit                               7F4      7F4        C      FE8       0
                text6                               5DA      5DA       14      BB4       0
                text5                               5CA      5CA        6      B94       0
                text4                               5C6      5C6        4      B8C       0
                text3                               5D0      5D0        A      BA0       0
                text2                               5EE      5EE       8F      BDC       0
                text1                               72A      72A       CA      E54       0
                maintext                            67D      67D       AD      CFA       0
                cstackBANK0                          20       20       14       20       1
                cstackCOMMON                         70       70        D       70       1
                dataBANK0                            37       37        1       20       1
                bssBANK0                             34       34        3       20       1
                bssCOMMON                            7D       7D        1       70       1
                idataBANK0                          5C5      5C5        1      B8A       0

TOTAL           Name                               Link     Load   Length     Space
        CLASS   STACK          

        CLASS   CODE           
                end_init                              0        0        3         0
                cinit                               7F4      7F4        C         0
                text6                               5DA      5DA       14         0
                text5                               5CA      5CA        6         0
                text4                               5C6      5C6        4         0
                text3                               5D0      5D0        A         0
                text2                               5EE      5EE       8F         0
                text1                               72A      72A       CA         0
                maintext                            67D      67D       AD         0
                idataBANK0                          5C5      5C5        1         0

        CLASS   STRCODE        

        CLASS   STRING         

        CLASS   CONST          

        CLASS   ENTRY          

        CLASS   COMMON         
                cstackCOMMON                         70       70        D         1
                bssCOMMON                            7D       7D        1         1

        CLASS   BANK0          
                cstackBANK0                          20       20       14         1
                dataBANK0                            37       37        1         1
                bssBANK0                             34       34        3         1

        CLASS   BANK1          

        CLASS   BANK2          

        CLASS   BANK3          

        CLASS   RAM            

        CLASS   ABS1           
                abs_s1                               7E       7E        2         1

        CLASS   SFR0           

        CLASS   SFR1           

        CLASS   SFR2           

        CLASS   SFR3           

        CLASS   CONFIG         
                config                             2007     2007        2         0

        CLASS   IDLOC          

        CLASS   EEDATA         



SEGMENTS        Name                           Load    Length   Top    Selector   Space  Class     Delta

                reset_vec                      000000  000003  000003         0       0  CODE        2
                cstackBANK0                    000020  000018  000038        20       1  BANK0       1
                cstackCOMMON                   000070  00000E  00007E        70       1  COMMON      1
                idataBANK0                     0005C5  000001  0005C6       B8A       0  CODE        2
                text4                          0005C6  000004  0005CA       B8C       0  CODE        2
                text5                          0005CA  000006  0005D0       B94       0  CODE        2
                text3                          0005D0  00000A  0005DA       BA0       0  CODE        2
                text6                          0005DA  000014  0005EE       BB4       0  CODE        2
                text2                          0005EE  00008F  00067D       BDC       0  CODE        2
                maintext                       00067D  0000AD  00072A       CFA       0  CODE        2
                text1                          00072A  0000CA  0007F4       E54       0  CODE        2
                cinit                          0007F4  00000C  000800       FE8       0  CODE        2
                config                         002007  000002  002009      400E       0  CONFIG      2


UNUSED ADDRESS RANGES

        Name                Unused          Largest block    Delta
        BANK0            0038-006F             38           1
        BANK1            00A0-00EF             50           1
        BANK2            0110-016F             60           1
        BANK3            0190-01EF             60           1
        CODE             0003-05C4            5C2           2
                         0800-1FFF            800
        CONST            0003-05C4            100           2
                         0800-1FFF            100
        EEDATA           2100-21FF            100           2
        ENTRY            0003-05C4            100           2
                         0800-1FFF            100
        IDLOC            2000-2003              4           2
        RAM              0038-006F             38           1
                         00A0-00EF             50
                         0110-016F             60
                         0190-01EF             60
        SFR0             0000-001F             20           1
        SFR1             0080-009F             20           1
        SFR2             0100-010F             10           1
        SFR3             0180-018F             10           1
        STACK            0110-016F             60           1
        STRCODE          0003-05C4            5C2           2
                         0800-1FFF           1800
        STRING           0003-05C4            100           2
                         0800-1FFF            100

                                  Symbol Table

?___aldiv                 cstackCOMMON 0070
SPI_init@edge             cstackCOMMON 0072
SPI_init@idle             cstackCOMMON 0071
SPI_init@modo             cstackCOMMON 0073
SPI_init@muestra          cstackCOMMON 0070
SPI_write@dato            cstackCOMMON 0070
_BF                       (abs)        04A0
_PIR1bits                 (abs)        000C
_PORTB                    (abs)        0006
_RCREG                    (abs)        001A
_RCSTAbits                (abs)        0018
_SPBRG                    (abs)        0099
_SPI_init                 text6        05DA
_SPI_write                text5        05CA
_SSPBUF                   (abs)        0013
_SSPCON                   (abs)        0014
_SSPSTAT                  (abs)        0094
_SSPSTATbits              (abs)        0094
_TRISB                    (abs)        0086
_TRISC3                   (abs)        043B
_TRISC5                   (abs)        043D
_TRISC6                   (abs)        043E
_TRISC7                   (abs)        043F
_TXREG                    (abs)        0019
_TXSTAbits                (abs)        0098
__CFG_BOR4V$BOR40V        (abs)        0000
__CFG_BOREN$OFF           (abs)        0000
__CFG_CP$OFF              (abs)        0000
__CFG_CPD$OFF             (abs)        0000
__CFG_FCMEN$OFF           (abs)        0000
__CFG_FOSC$INTRC_NOCLKOUT (abs)        0000
__CFG_IESO$OFF            (abs)        0000
__CFG_LVP$OFF             (abs)        0000
__CFG_MCLRE$OFF           (abs)        0000
__CFG_PWRTE$OFF           (abs)        0000
__CFG_WDTE$OFF            (abs)        0000
__CFG_WRT$OFF             (abs)        0000
__Habs1                   abs1         0000
__Hbank0                  bank0        0000
__Hbank1                  bank1        0000
__Hbank2                  bank2        0000
__Hbank3                  bank3        0000
__HbssBANK0               bssBANK0     0000
__HbssCOMMON              bssCOMMON    0000
__Hcinit                  cinit        0800
__Hclrtext                clrtext      0000
__Hcode                   code         0000
__Hcommon                 common       0000
__Hconfig                 config       2009
__HcstackBANK0            cstackBANK0  0000
__HcstackCOMMON           cstackCOMMON 0000
__HdataBANK0              dataBANK0    0000
__Heeprom_data            eeprom_data  0000
__Hend_init               end_init     0003
__Hfunctab                functab      0000
__HidataBANK0             idataBANK0   0000
__Hidloc                  idloc        0000
__Hinit                   init         0000
__Hintentry               intentry     0000
__Hmaintext               maintext     0000
__Hpowerup                powerup      0000
__Hram                    ram          0000
__Hreset_vec              reset_vec    0000
__Hsfr0                   sfr0         0000
__Hsfr1                   sfr1         0000
__Hsfr2                   sfr2         0000
__Hsfr3                   sfr3         0000
__Hspace_0                (abs)        2009
__Hspace_1                (abs)        007E
__Hspace_2                (abs)        0000
__Hspace_3                (abs)        0000
__Hstack                  stack        0000
__Hstrings                strings      0000
__Htext                   text         0000
__Labs1                   abs1         0000
__Lbank0                  bank0        0000
__Lbank1                  bank1        0000
__Lbank2                  bank2        0000
__Lbank3                  bank3        0000
__LbssBANK0               bssBANK0     0000
__LbssCOMMON              bssCOMMON    0000
__Lcinit                  cinit        07F4
__Lclrtext                clrtext      0000
__Lcode                   code         0000
__Lcommon                 common       0000
__Lconfig                 config       2007
__LcstackBANK0            cstackBANK0  0000
__LcstackCOMMON           cstackCOMMON 0000
__LdataBANK0              dataBANK0    0000
__Leeprom_data            eeprom_data  0000
__Lend_init               end_init     0000
__Lfunctab                functab      0000
__LidataBANK0             idataBANK0   0000
__Lidloc                  idloc        0000
__Linit                   init         0000
__Lintentry               intentry     0000
__Lmaintext               maintext     0000
__Lpowerup                powerup      0000
__Lram                    ram          0000
__Lreset_vec              reset_vec    0000
__Lsfr0                   sfr0         0000
__Lsfr1                   sfr1         0000
__Lsfr2                   sfr2         0000
__Lsfr3                   sfr3         0000
__Lspace_0                (abs)        0000
__Lspace_1                (abs)        0000
__Lspace_2                (abs)        0000
__Lspace_3                (abs)        0000
__Lstack                  stack        0000
__Lstrings                strings      0000
__Ltext                   text         0000
__S0                      (abs)        2009
__S1                      (abs)        007E
__S2                      (abs)        0000
__S3                      (abs)        0000
___aldiv                  text2        05EE
___aldiv@counter          cstackBANK0  0020
___aldiv@dividend         cstackCOMMON 0074
___aldiv@divisor          cstackCOMMON 0070
___aldiv@quotient         cstackBANK0  0022
___aldiv@sign             cstackBANK0  0021
___int_sp                 stack        0000
___latbits                (abs)        0002
___sp                     stack        0000
___stackhi                (abs)        0000
___stacklo                (abs)        0000
__end_of_SPI_init         text6        05EE
__end_of_SPI_write        text5        05D0
__end_of___aldiv          text2        067D
__end_of__initialization  cinit        07FC
__end_of_main             maintext     072A
__end_of_uartRC_Read      text4        05CA
__end_of_uartTX_Write     text3        05DA
__end_of_uart_init        text1        07F4
__initialization          cinit        07F4
__pbssBANK0               bssBANK0     0034
__pbssCOMMON              bssCOMMON    007D
__pcstackBANK0            cstackBANK0  0020
__pcstackCOMMON           cstackCOMMON 0070
__pdataBANK0              dataBANK0    0037
__pidataBANK0             idataBANK0   05C5
__pmaintext               maintext     067D
__ptext1                  text1        072A
__ptext2                  text2        05EE
__ptext3                  text3        05D0
__ptext4                  text4        05C6
__ptext5                  text5        05CA
__ptext6                  text6        05DA
__size_of_SPI_init        (abs)        0000
__size_of_SPI_write       (abs)        0000
__size_of___aldiv         (abs)        0000
__size_of_main            (abs)        0000
__size_of_uartRC_Read     (abs)        0000
__size_of_uartTX_Write    (abs)        0000
__size_of_uart_init       (abs)        0000
_bandera_enviar           bssBANK0     0034
_main                     maintext     067D
_order                    dataBANK0    0037
_recibido_pot1            bssBANK0     0036
_recibido_pot2            bssBANK0     0035
_uartRC_Read              text4        05C6
_uartTX_Write             text3        05D0
_uart_init                text1        072A
btemp                     (abs)        007E
end_of_initialization     cinit        07FC
intlevel0                 functab      0000
intlevel1                 functab      0000
intlevel2                 functab      0000
intlevel3                 functab      0000
intlevel4                 functab      0000
intlevel5                 functab      0000
reset_vec                 reset_vec    0000
start                     init         0000
start_initialization      cinit        07F4
uartTX_Write@dato         cstackCOMMON 0070
uart_init@baudrate        cstackBANK0  0026
uart_init@n               cstackCOMMON 0079
wtemp0                    (abs)        007E


FUNCTION INFORMATION:

 *************** function _main *****************
 Defined at:
		line 36 in file "MasterMain.c"
 Parameters:    Size  Location     Type
		None
 Auto vars:     Size  Location     Type
		None
 Return value:  Size  Location     Type
                  1    wreg      void 
 Registers used:
		wreg, fsr0l, fsr0h, status,2, status,0, btemp+1, pclath, cstack
 Tracked objects:
		On entry : 
		On exit  : 
		Unchanged: 
 Data sizes:     COMMON   BANK0   BANK1   BANK3   BANK2
      Params:         0       0       0       0       0
      Locals:         0       0       0       0       0
      Temps:          2       0       0       0       0
      Totals:         2       0       0       0       0
Total ram usage:        2 bytes
 Hardware stack levels required when called:    2
 This function calls:
		_SPI_init
		_SPI_write
		_uartRC_Read
		_uartTX_Write
		_uart_init
 This function is called by:
		Startup code after reset
 This function uses a non-reentrant model


 *************** function _uart_init *****************
 Defined at:
		line 13 in file "UART.c"
 Parameters:    Size  Location     Type
  baudrate        2    6[BANK0 ] unsigned int 
 Auto vars:     Size  Location     Type
  n               2    9[COMMON] unsigned int 
 Return value:  Size  Location     Type
                  1    wreg      unsigned char 
 Registers used:
		wreg, status,2, status,0, btemp+1, pclath, cstack
 Tracked objects:
		On entry : 
		On exit  : 
		Unchanged: 
 Data sizes:     COMMON   BANK0   BANK1   BANK3   BANK2
      Params:         0       2       0       0       0
      Locals:         2       0       0       0       0
      Temps:          0      12       0       0       0
      Totals:         2      14       0       0       0
Total ram usage:       16 bytes
 Hardware stack levels used:    1
 Hardware stack levels required when called:    1
 This function calls:
		___aldiv
 This function is called by:
		_main
 This function uses a non-reentrant model


 *************** function ___aldiv *****************
 Defined at:
		line 5 in file "C:\Program Files (x86)\Microchip\xc8\v2.05\pic\sources\c90\common\aldiv.c"
 Parameters:    Size  Location     Type
  divisor         4    0[COMMON] long 
  dividend        4    4[COMMON] long 
 Auto vars:     Size  Location     Type
  quotient        4    2[BANK0 ] long 
  sign            1    1[BANK0 ] unsigned char 
  counter         1    0[BANK0 ] unsigned char 
 Return value:  Size  Location     Type
                  4    0[COMMON] long 
 Registers used:
		wreg, status,2, status,0
 Tracked objects:
		On entry : 
		On exit  : 
		Unchanged: 
 Data sizes:     COMMON   BANK0   BANK1   BANK3   BANK2
      Params:         8       0       0       0       0
      Locals:         0       6       0       0       0
      Temps:          1       0       0       0       0
      Totals:         9       6       0       0       0
Total ram usage:       15 bytes
 Hardware stack levels used:    1
 This function calls:
		Nothing
 This function is called by:
		_uart_init
 This function uses a non-reentrant model


 *************** function _uartTX_Write *****************
 Defined at:
		line 37 in file "UART.c"
 Parameters:    Size  Location     Type
  dato            1    wreg     unsigned char 
 Auto vars:     Size  Location     Type
  dato            1    0[COMMON] unsigned char 
 Return value:  Size  Location     Type
                  1    wreg      void 
 Registers used:
		wreg
 Tracked objects:
		On entry : 
		On exit  : 
		Unchanged: 
 Data sizes:     COMMON   BANK0   BANK1   BANK3   BANK2
      Params:         0       0       0       0       0
      Locals:         1       0       0       0       0
      Temps:          0       0       0       0       0
      Totals:         1       0       0       0       0
Total ram usage:        1 bytes
 Hardware stack levels used:    1
 This function calls:
		Nothing
 This function is called by:
		_main
		_uartTX_Write_Str
 This function uses a non-reentrant model


 *************** function _uartRC_Read *****************
 Defined at:
		line 33 in file "UART.c"
 Parameters:    Size  Location     Type
		None
 Auto vars:     Size  Location     Type
		None
 Return value:  Size  Location     Type
                  1    wreg      unsigned char 
 Registers used:
		wreg
 Tracked objects:
		On entry : 
		On exit  : 
		Unchanged: 
 Data sizes:     COMMON   BANK0   BANK1   BANK3   BANK2
      Params:         0       0       0       0       0
      Locals:         0       0       0       0       0
      Temps:          0       0       0       0       0
      Totals:         0       0       0       0       0
Total ram usage:        0 bytes
 Hardware stack levels used:    1
 This function calls:
		Nothing
 This function is called by:
		_main
 This function uses a non-reentrant model


 *************** function _SPI_write *****************
 Defined at:
		line 28 in file "SPI.c"
 Parameters:    Size  Location     Type
  dato            1    wreg     unsigned char 
 Auto vars:     Size  Location     Type
  dato            1    0[COMMON] unsigned char 
 Return value:  Size  Location     Type
                  1    wreg      void 
 Registers used:
		wreg
 Tracked objects:
		On entry : 
		On exit  : 
		Unchanged: 
 Data sizes:     COMMON   BANK0   BANK1   BANK3   BANK2
      Params:         0       0       0       0       0
      Locals:         1       0       0       0       0
      Temps:          0       0       0       0       0
      Totals:         1       0       0       0       0
Total ram usage:        1 bytes
 Hardware stack levels used:    1
 This function calls:
		Nothing
 This function is called by:
		_main
 This function uses a non-reentrant model


 *************** function _SPI_init *****************
 Defined at:
		line 14 in file "SPI.c"
 Parameters:    Size  Location     Type
  modo            1    wreg     enum E1292
  muestra         1    0[COMMON] enum E1300
  idle            1    1[COMMON] enum E1304
  edge            1    2[COMMON] enum E1308
 Auto vars:     Size  Location     Type
  modo            1    3[COMMON] enum E1292
 Return value:  Size  Location     Type
                  1    wreg      void 
 Registers used:
		wreg, status,2, status,0
 Tracked objects:
		On entry : 
		On exit  : 
		Unchanged: 
 Data sizes:     COMMON   BANK0   BANK1   BANK3   BANK2
      Params:         3       0       0       0       0
      Locals:         1       0       0       0       0
      Temps:          0       0       0       0       0
      Totals:         4       0       0       0       0
Total ram usage:        4 bytes
 Hardware stack levels used:    1
 This function calls:
		Nothing
 This function is called by:
		_main
 This function uses a non-reentrant model



MODULE INFORMATION

Module		Function		Class		Link	Load	Size
UART.c
		_uart_init     		CODE           	072A	0000	203
		_uartTX_Write  		CODE           	05D0	0000	11
		_uartRC_Read   		CODE           	05C6	0000	5

UART.c estimated size: 219

MasterMain.c
		_main          		CODE           	067D	0000	174

MasterMain.c estimated size: 174

shared
		__initialization		CODE           	07F4	0000	9

shared estimated size: 9

C:\Program Files (x86)\Microchip\xc8\v2.05\pic\sources\c90\common\aldiv.c
		___aldiv       		CODE           	05EE	0000	144

C:\Program Files (x86)\Microchip\xc8\v2.05\pic\sources\c90\common\aldiv.c estimated size: 144

SPI.c
		_SPI_init      		CODE           	05DA	0000	21
		_SPI_write     		CODE           	05CA	0000	7

SPI.c estimated size: 28

